{
    "@@locale": "en",
    "textWithUniqueNamedPlaceholders": "So {something} is a {somethingElse}.",
    "@textWithUniqueNamedPlaceholders": {
        "placeholders": {
            "something": {
                "type": "String"
            },
            "somethingElse": {
                "type": "String"
            }
        }
    }
}
